// Jest Snapshot v1, https://goo.gl/fbAQLP

exports[`Footer renders correctly 1`] = `
<footer>
  <div
    style={
      Object {
        "float": "right",
      }
    }
  >
    <a
      href="/rss.xml"
      rel="noopener noreferrer"
      target="_blank"
    >
      rss
    </a>
  </div>
  <a
    href="https://github.com/yoannfleurydev"
    rel="noopener noreferrer"
    target="_blank"
    title="Lien vers la page github de Yoann Fleury"
  >
    github
  </a>
   
  •
   
  <a
    href="https://mobile.twitter.com/yoannfleurydev"
    rel="noopener noreferrer"
    target="_blank"
    title="Lien vers la page twitter de Yoann Fleury"
  >
    twitter
  </a>
   
  • 
  <a
    href="/photos"
  >
    photos
  </a>
  <p>
    © 
    2019
    , Mis à disposition grâce à
     
    <a
      href="https://www.gatsbyjs.org"
    >
      Gatsby
    </a>
  </p>
</footer>
`;
